#-----------------------------------------------------------
# Vivado v2020.2 (64-bit)
# SW Build 3064766 on Wed Nov 18 09:12:45 MST 2020
# IP Build 3064653 on Wed Nov 18 14:17:31 MST 2020
# Start of session at: Thu Mar  2 15:55:44 2023
# Process ID: 3752
# Current directory: C:/Users/240605/Documents/digital-electronics-1/04-segment/display
# Command line: vivado.exe -gui_launcher_event rodinguilauncherevent7996 C:\Users\240605\Documents\digital-electronics-1\04-segment\display\display.xpr
# Log file: C:/Users/240605/Documents/digital-electronics-1/04-segment/display/vivado.log
# Journal file: C:/Users/240605/Documents/digital-electronics-1/04-segment/display\vivado.jou
#-----------------------------------------------------------
start_gui
open_project C:/Users/240605/Documents/digital-electronics-1/04-segment/display/display.xpr
update_compile_order -fileset sources_1
set_property SOURCE_SET sources_1 [get_filesets sim_1]
close [ open C:/Users/240605/Documents/digital-electronics-1/04-segment/display/display.srcs/sim_1/new/tb_top.vhd w ]
add_files -fileset sim_1 C:/Users/240605/Documents/digital-electronics-1/04-segment/display/display.srcs/sim_1/new/tb_top.vhd
update_compile_order -fileset sim_1
# Disabling source management mode.  This is to allow the top design properties to be set without GUI intervention.
set_property source_mgmt_mode None [current_project]
set_property top tb_top [get_filesets sim_1]
set_property top_lib xil_defaultlib [get_filesets sim_1]
# Re-enabling previously disabled source management mode.
set_property source_mgmt_mode All [current_project]
update_compile_order -fileset sim_1
launch_simulation
source tb_top.tcl
close_sim
launch_simulation
source tb_top.tcl
close_sim
